[assessoriaprimemidia.site/index.html]
[backblue.gif]
[fade.gif]
[index.html]
[assessoriaprimemidia.site/wp-content/litespeed/css/d6104ac553a8ba9276d65eb3a6b74dd79035.css]
[assessoriaprimemidia.site/wp-json/wp/v2/pages/2.json]
[assessoriaprimemidia.site/pagina-exemplo/feed/index.html]
[assessoriaprimemidia.site/feed/index.html]
[assessoriaprimemidia.site/comments/feed/index.html]
[assessoriaprimemidia.site/wp-json/index.html]
[assessoriaprimemidia.site/xmlrpc0db0.php]
[assessoriaprimemidia.site/wp-includes/wlwmanifest.xml]
[assessoriaprimemidia.site/wp-json/oembed/1.0/embed1cc0.json]
[assessoriaprimemidia.site/wp-json/oembed/1.0/embed319a]
[js.hs-scripts.com/20273123a466.js]
[assessoriaprimemidia.site/wp-content/plugins/litespeed-cache/guest.vary.html]
[assessoriaprimemidia.site/index.html]
[assessoriaprimemidia.site/wp-content/plugins/elementskit-lite/modules/elementskit-icon-pack/assets/fonts/elementskit97ac.woff]
[assessoriaprimemidia.site/wp-content/plugins/elementor/assets/lib/eicons/fonts/eiconsdc2c.woff2]
[assessoriaprimemidia.site/wp-content/plugins/elementor/assets/lib/eicons/fonts/eiconsdc2c.woff]
[assessoriaprimemidia.site/wp-content/plugins/elementor/assets/lib/eicons/fonts/eiconsdc2c.eot]
[assessoriaprimemidia.site/wp-content/plugins/elementor/assets/lib/eicons/fonts/eiconsdc2c.svg]
[assessoriaprimemidia.site/wp-content/plugins/elementor/assets/lib/eicons/fonts/eiconsdc2c.ttf]
[assessoriaprimemidia.site/wp-content/plugins/elementskit-lite/widgets/init/assets/img/arrow.png]
[assessoriaprimemidia.site/wp-content/plugins/elementskit-lite/widgets/init/assets/img/sort_asc.png]
[assessoriaprimemidia.site/wp-content/plugins/elementskit-lite/widgets/init/assets/img/sort_desc.png]
[assessoriaprimemidia.site/wp-content/plugins/elementskit-lite/widgets/init/assets/img/sort_asc_disabled.png]
[assessoriaprimemidia.site/wp-content/plugins/elementor/assets/lib/font-awesome/webfonts/fa-regular-400.eot]
[assessoriaprimemidia.site/wp-content/plugins/elementor/assets/lib/font-awesome/webfonts/fa-regular-400d41d.eot]
[assessoriaprimemidia.site/wp-content/plugins/elementor/assets/lib/font-awesome/webfonts/fa-regular-400.woff2]
[assessoriaprimemidia.site/wp-content/plugins/elementor/assets/lib/font-awesome/webfonts/fa-regular-400.woff]
[assessoriaprimemidia.site/wp-content/plugins/elementor/assets/lib/font-awesome/webfonts/fa-regular-400.ttf]
[assessoriaprimemidia.site/wp-content/plugins/elementor/assets/lib/font-awesome/webfonts/fa-regular-400.svg]
[assessoriaprimemidia.site/wp-content/plugins/elementor/assets/lib/font-awesome/webfonts/fa-brands-400d41d.eot]
[assessoriaprimemidia.site/wp-content/plugins/elementor/assets/lib/font-awesome/webfonts/fa-brands-400.eot]
[assessoriaprimemidia.site/wp-content/plugins/elementor/assets/lib/font-awesome/webfonts/fa-brands-400.woff2]
[assessoriaprimemidia.site/wp-content/plugins/elementor/assets/lib/font-awesome/webfonts/fa-brands-400.woff]
[assessoriaprimemidia.site/wp-content/plugins/elementor/assets/lib/font-awesome/webfonts/fa-brands-400.ttf]
[assessoriaprimemidia.site/wp-content/litespeed/css/d6104ac553a8ba9276d65eb3a6b74dd79035.css]
[assessoriaprimemidia.site/_data_image/svg+xml,_svg xmlns='http_/www.w3.org/2000/svg' preserveAspectRatio='none' overflow='visible' height='100%' viewBox='0 0 20 16' fill='none' stroke='black' stroke-width=']
[assessoriaprimemidia.site/wp-content/plugins/litespeed-cache/guest.vary.html]
[assessoriaprimemidia.site/wp-content/plugins/elementor/assets/lib/eicons/fonts/eiconsdc2c.svg]
[assessoriaprimemidia.site/wp-content/plugins/elementskit-lite/widgets/init/assets/img/cross-out.svg]
[assessoriaprimemidia.site/wp-content/plugins/elementor/assets/lib/font-awesome/webfonts/fa-regular-400.svg]
[assessoriaprimemidia.site/wp-content/plugins/elementor/assets/lib/font-awesome/webfonts/fa-brands-400.svg]
[assessoriaprimemidia.site/wp-content/plugins/elementor/assets/lib/font-awesome/webfonts/fa-brands-400.svg]
[assessoriaprimemidia.site/_data_image/svg+xml,_svg xmlns=http_/www.w3.org/2000/svg preserveAspectRatio=none overflow=visible height=100% viewBox=0 0 20 16 fill=none stroke=black stroke-width=2.3 stroke-line]
[assessoriaprimemidia.site/_data_image/svg+xml,_svg xmlns=http_/www.w3.org/2000/svg preserveAspectRatio=none overflow=visible height=100% viewBox=0 0 20 16 fill=none stroke=black stroke-width=2.3 stroke-line]
