[roboinstarenda.site/index.html]
[backblue.gif]
[fade.gif]
[index.html]
[roboinstarenda.site/wp-content/litespeed/css/d93703629c2408672f41ac81ada3f440e1f2.css]
[roboinstarenda.site/wp-json/wp/v2/pages/2.json]
[roboinstarenda.site/wp-json/index.html]
[roboinstarenda.site/feed/index.html]
[roboinstarenda.site/pagina-exemplo/feed/index.html]
[roboinstarenda.site/comments/feed/index.html]
[roboinstarenda.site/xmlrpc0db0.php]
[roboinstarenda.site/wp-includes/wlwmanifest.xml]
[roboinstarenda.site/wp-json/oembed/1.0/embedd34e.json]
[roboinstarenda.site/wp-json/oembed/1.0/embed5e18]
[roboinstarenda.site/wp-content/themes/twentytwentytwo/assets/fonts/SourceSerif4Variable-Roman.ttf.woff2]
[scripts.converteai.net/b08ecba3-b813-483a-8904-6a5da0fcd202/players/62705355da7c18000add9579/player.js]
[roboinstarenda.site/wp-content/plugins/litespeed-cache/guest.vary.html]
[roboinstarenda.site/index.html]
[roboinstarenda.site/wp-content/themes/twentytwentytwo/assets/fonts/SourceSerif4Variable-Italic.ttf.woff2]
[roboinstarenda.site/wp-content/litespeed/css/d93703629c2408672f41ac81ada3f440e1f2.css]
[roboinstarenda.site/wp-content/plugins/litespeed-cache/guest.vary.html]
